2025-09-29T08:37:09.774+02:00  INFO 32304 --- [safetynet] [main] c.o.safetynet.SafetynetApplication       : Starting SafetynetApplication using Java 17.0.15 with PID 32304 (C:\Users\Samuel\Documents\JAVA\safetynet\target\classes started by Samuel in C:\Users\Samuel\Documents\JAVA\safetynet)
2025-09-29T08:37:09.781+02:00 DEBUG 32304 --- [safetynet] [main] c.o.safetynet.SafetynetApplication       : Running with Spring Boot v3.5.5, Spring v6.2.10
2025-09-29T08:37:09.782+02:00  INFO 32304 --- [safetynet] [main] c.o.safetynet.SafetynetApplication       : No active profile set, falling back to 1 default profile: "default"
2025-09-29T08:37:10.812+02:00  INFO 32304 --- [safetynet] [main] o.s.b.w.embedded.tomcat.TomcatWebServer  : Tomcat initialized with port 8080 (http)
2025-09-29T08:37:10.826+02:00  INFO 32304 --- [safetynet] [main] o.apache.catalina.core.StandardService   : Starting service [Tomcat]
2025-09-29T08:37:10.827+02:00  INFO 32304 --- [safetynet] [main] o.apache.catalina.core.StandardEngine    : Starting Servlet engine: [Apache Tomcat/10.1.44]
2025-09-29T08:37:10.879+02:00  INFO 32304 --- [safetynet] [main] o.a.c.c.C.[Tomcat].[localhost].[/]       : Initializing Spring embedded WebApplicationContext
2025-09-29T08:37:10.879+02:00  INFO 32304 --- [safetynet] [main] w.s.c.ServletWebServerApplicationContext : Root WebApplicationContext: initialization completed in 1048 ms
2025-09-29T08:37:11.361+02:00  WARN 32304 --- [safetynet] [main] ion$DefaultTemplateResolverConfiguration : Cannot find template location: classpath:/templates/ (please add some templates, check your Thymeleaf configuration, or set spring.thymeleaf.check-template-location=false)
2025-09-29T08:37:11.458+02:00  INFO 32304 --- [safetynet] [main] o.s.b.w.embedded.tomcat.TomcatWebServer  : Tomcat started on port 8080 (http) with context path '/'
2025-09-29T08:37:11.469+02:00  INFO 32304 --- [safetynet] [main] c.o.safetynet.SafetynetApplication       : Started SafetynetApplication in 2.138 seconds (process running for 3.593)
2025-09-29T08:37:19.148+02:00  INFO 32304 --- [safetynet] [http-nio-8080-exec-1] o.a.c.c.C.[Tomcat].[localhost].[/]       : Initializing Spring DispatcherServlet 'dispatcherServlet'
2025-09-29T08:37:19.148+02:00  INFO 32304 --- [safetynet] [http-nio-8080-exec-1] o.s.web.servlet.DispatcherServlet        : Initializing Servlet 'dispatcherServlet'
2025-09-29T08:37:19.150+02:00  INFO 32304 --- [safetynet] [http-nio-8080-exec-1] o.s.web.servlet.DispatcherServlet        : Completed initialization in 2 ms
2025-09-29T08:37:19.199+02:00  INFO 32304 --- [safetynet] [http-nio-8080-exec-1] c.o.s.controller.FirestationController   : GET method called for the station number: 3
2025-09-29T08:37:19.229+02:00  WARN 32304 --- [safetynet] [http-nio-8080-exec-1] .w.s.m.s.DefaultHandlerExceptionResolver : Resolved [org.springframework.web.HttpMediaTypeNotAcceptableException: No acceptable representation]
2025-09-29T08:40:29.887+02:00  INFO 32304 --- [safetynet] [http-nio-8080-exec-5] c.o.s.controller.FirestationController   : GET method called for the station number: 3
2025-09-29T08:40:29.890+02:00  WARN 32304 --- [safetynet] [http-nio-8080-exec-5] .w.s.m.s.DefaultHandlerExceptionResolver : Resolved [org.springframework.web.HttpMediaTypeNotAcceptableException: No acceptable representation]
2025-09-29T08:40:32.901+02:00  INFO 32304 --- [safetynet] [http-nio-8080-exec-6] c.o.s.controller.FirestationController   : GET method called for the station number: 1
2025-09-29T08:40:32.902+02:00  WARN 32304 --- [safetynet] [http-nio-8080-exec-6] .w.s.m.s.DefaultHandlerExceptionResolver : Resolved [org.springframework.web.HttpMediaTypeNotAcceptableException: No acceptable representation]
2025-09-29T08:41:26.893+02:00  INFO 32304 --- [safetynet] [SpringApplicationShutdownHook] o.s.b.w.e.tomcat.GracefulShutdown        : Commencing graceful shutdown. Waiting for active requests to complete
2025-09-29T08:41:27.206+02:00  INFO 32304 --- [safetynet] [tomcat-shutdown] o.s.b.w.e.tomcat.GracefulShutdown        : Graceful shutdown complete
2025-09-29T08:41:31.195+02:00  INFO 38080 --- [safetynet] [main] c.o.safetynet.SafetynetApplication       : Starting SafetynetApplication using Java 17.0.15 with PID 38080 (C:\Users\Samuel\Documents\JAVA\safetynet\target\classes started by Samuel in C:\Users\Samuel\Documents\JAVA\safetynet)
2025-09-29T08:41:31.197+02:00 DEBUG 38080 --- [safetynet] [main] c.o.safetynet.SafetynetApplication       : Running with Spring Boot v3.5.5, Spring v6.2.10
2025-09-29T08:41:31.198+02:00  INFO 38080 --- [safetynet] [main] c.o.safetynet.SafetynetApplication       : No active profile set, falling back to 1 default profile: "default"
2025-09-29T08:41:32.204+02:00  INFO 38080 --- [safetynet] [main] o.s.b.w.embedded.tomcat.TomcatWebServer  : Tomcat initialized with port 8080 (http)
2025-09-29T08:41:32.216+02:00  INFO 38080 --- [safetynet] [main] o.apache.catalina.core.StandardService   : Starting service [Tomcat]
2025-09-29T08:41:32.217+02:00  INFO 38080 --- [safetynet] [main] o.apache.catalina.core.StandardEngine    : Starting Servlet engine: [Apache Tomcat/10.1.44]
2025-09-29T08:41:32.266+02:00  INFO 38080 --- [safetynet] [main] o.a.c.c.C.[Tomcat].[localhost].[/]       : Initializing Spring embedded WebApplicationContext
2025-09-29T08:41:32.266+02:00  INFO 38080 --- [safetynet] [main] w.s.c.ServletWebServerApplicationContext : Root WebApplicationContext: initialization completed in 1027 ms
2025-09-29T08:41:32.765+02:00  WARN 38080 --- [safetynet] [main] ion$DefaultTemplateResolverConfiguration : Cannot find template location: classpath:/templates/ (please add some templates, check your Thymeleaf configuration, or set spring.thymeleaf.check-template-location=false)
2025-09-29T08:41:32.858+02:00  INFO 38080 --- [safetynet] [main] o.s.b.w.embedded.tomcat.TomcatWebServer  : Tomcat started on port 8080 (http) with context path '/'
2025-09-29T08:41:32.867+02:00  INFO 38080 --- [safetynet] [main] c.o.safetynet.SafetynetApplication       : Started SafetynetApplication in 2.132 seconds (process running for 2.419)
2025-09-29T08:41:35.785+02:00  INFO 38080 --- [safetynet] [http-nio-8080-exec-1] o.a.c.c.C.[Tomcat].[localhost].[/]       : Initializing Spring DispatcherServlet 'dispatcherServlet'
2025-09-29T08:41:35.785+02:00  INFO 38080 --- [safetynet] [http-nio-8080-exec-1] o.s.web.servlet.DispatcherServlet        : Initializing Servlet 'dispatcherServlet'
2025-09-29T08:41:35.786+02:00  INFO 38080 --- [safetynet] [http-nio-8080-exec-1] o.s.web.servlet.DispatcherServlet        : Completed initialization in 1 ms
2025-09-29T08:41:35.828+02:00  INFO 38080 --- [safetynet] [http-nio-8080-exec-1] c.o.s.controller.FirestationController   : GET method called for the station number: 1
2025-09-29T08:42:07.333+02:00  INFO 38080 --- [safetynet] [SpringApplicationShutdownHook] o.s.b.w.e.tomcat.GracefulShutdown        : Commencing graceful shutdown. Waiting for active requests to complete
2025-09-29T08:42:07.566+02:00  INFO 38080 --- [safetynet] [tomcat-shutdown] o.s.b.w.e.tomcat.GracefulShutdown        : Graceful shutdown complete
2025-09-29T08:42:11.796+02:00  INFO 15588 --- [safetynet] [main] c.o.safetynet.SafetynetApplication       : Starting SafetynetApplication using Java 17.0.15 with PID 15588 (C:\Users\Samuel\Documents\JAVA\safetynet\target\classes started by Samuel in C:\Users\Samuel\Documents\JAVA\safetynet)
2025-09-29T08:42:11.799+02:00 DEBUG 15588 --- [safetynet] [main] c.o.safetynet.SafetynetApplication       : Running with Spring Boot v3.5.5, Spring v6.2.10
2025-09-29T08:42:11.800+02:00  INFO 15588 --- [safetynet] [main] c.o.safetynet.SafetynetApplication       : No active profile set, falling back to 1 default profile: "default"
2025-09-29T08:42:12.904+02:00  INFO 15588 --- [safetynet] [main] o.s.b.w.embedded.tomcat.TomcatWebServer  : Tomcat initialized with port 8080 (http)
2025-09-29T08:42:12.917+02:00  INFO 15588 --- [safetynet] [main] o.apache.catalina.core.StandardService   : Starting service [Tomcat]
2025-09-29T08:42:12.917+02:00  INFO 15588 --- [safetynet] [main] o.apache.catalina.core.StandardEngine    : Starting Servlet engine: [Apache Tomcat/10.1.44]
2025-09-29T08:42:12.972+02:00  INFO 15588 --- [safetynet] [main] o.a.c.c.C.[Tomcat].[localhost].[/]       : Initializing Spring embedded WebApplicationContext
2025-09-29T08:42:12.973+02:00  INFO 15588 --- [safetynet] [main] w.s.c.ServletWebServerApplicationContext : Root WebApplicationContext: initialization completed in 1127 ms
2025-09-29T08:42:13.434+02:00  WARN 15588 --- [safetynet] [main] ion$DefaultTemplateResolverConfiguration : Cannot find template location: classpath:/templates/ (please add some templates, check your Thymeleaf configuration, or set spring.thymeleaf.check-template-location=false)
2025-09-29T08:42:13.527+02:00  INFO 15588 --- [safetynet] [main] o.s.b.w.embedded.tomcat.TomcatWebServer  : Tomcat started on port 8080 (http) with context path '/'
2025-09-29T08:42:13.536+02:00  INFO 15588 --- [safetynet] [main] c.o.safetynet.SafetynetApplication       : Started SafetynetApplication in 2.238 seconds (process running for 2.528)
2025-09-29T08:42:14.053+02:00  INFO 15588 --- [safetynet] [http-nio-8080-exec-1] o.a.c.c.C.[Tomcat].[localhost].[/]       : Initializing Spring DispatcherServlet 'dispatcherServlet'
2025-09-29T08:42:14.053+02:00  INFO 15588 --- [safetynet] [http-nio-8080-exec-1] o.s.web.servlet.DispatcherServlet        : Initializing Servlet 'dispatcherServlet'
2025-09-29T08:42:14.054+02:00  INFO 15588 --- [safetynet] [http-nio-8080-exec-1] o.s.web.servlet.DispatcherServlet        : Completed initialization in 1 ms
2025-09-29T08:42:14.098+02:00  INFO 15588 --- [safetynet] [http-nio-8080-exec-1] c.o.s.controller.FirestationController   : GET method called for the station number: 1
2025-09-29T08:43:22.124+02:00  INFO 37924 --- [safetynet] [main] c.o.s.integration.RootRepositoryTest     : Starting RootRepositoryTest using Java 22 with PID 37924 (started by Samuel in C:\Users\Samuel\Documents\JAVA\safetynet)
2025-09-29T08:43:22.125+02:00 DEBUG 37924 --- [safetynet] [main] c.o.s.integration.RootRepositoryTest     : Running with Spring Boot v3.5.5, Spring v6.2.10
2025-09-29T08:43:22.126+02:00  INFO 37924 --- [safetynet] [main] c.o.s.integration.RootRepositoryTest     : No active profile set, falling back to 1 default profile: "default"
2025-09-29T08:43:23.541+02:00  WARN 37924 --- [safetynet] [main] ion$DefaultTemplateResolverConfiguration : Cannot find template location: classpath:/templates/ (please add some templates, check your Thymeleaf configuration, or set spring.thymeleaf.check-template-location=false)
2025-09-29T08:43:23.629+02:00  INFO 37924 --- [safetynet] [main] c.o.s.integration.RootRepositoryTest     : Started RootRepositoryTest in 2.026 seconds (process running for 6.657)
2025-09-29T08:43:24.033+02:00 ERROR 37924 --- [safetynet] [main] c.o.safetynet.repository.RootRepository  : File data.json not found, reading from the original file in resources.
2025-09-29T08:43:24.102+02:00  INFO 37924 --- [safetynet] [main] t.c.s.AnnotationConfigContextLoaderUtils : Could not detect default configuration classes for test class [com.openclassrooms.safetynet.SafetynetApplicationTests]: SafetynetApplicationTests does not declare any static, non-private, non-final, nested classes annotated with @Configuration.
2025-09-29T08:43:24.111+02:00  INFO 37924 --- [safetynet] [main] .b.t.c.SpringBootTestContextBootstrapper : Found @SpringBootConfiguration com.openclassrooms.safetynet.SafetynetApplication for test class com.openclassrooms.safetynet.SafetynetApplicationTests
2025-09-29T09:07:16.926+02:00  INFO 29992 --- [safetynet] [main] c.o.s.integration.RootRepositoryTest     : Starting RootRepositoryTest using Java 22 with PID 29992 (started by Samuel in C:\Users\Samuel\Documents\JAVA\safetynet)
2025-09-29T09:07:16.927+02:00 DEBUG 29992 --- [safetynet] [main] c.o.s.integration.RootRepositoryTest     : Running with Spring Boot v3.5.5, Spring v6.2.10
2025-09-29T09:07:16.928+02:00  INFO 29992 --- [safetynet] [main] c.o.s.integration.RootRepositoryTest     : No active profile set, falling back to 1 default profile: "default"
2025-09-29T09:07:18.205+02:00  WARN 29992 --- [safetynet] [main] ion$DefaultTemplateResolverConfiguration : Cannot find template location: classpath:/templates/ (please add some templates, check your Thymeleaf configuration, or set spring.thymeleaf.check-template-location=false)
2025-09-29T09:07:18.298+02:00  INFO 29992 --- [safetynet] [main] c.o.s.integration.RootRepositoryTest     : Started RootRepositoryTest in 1.836 seconds (process running for 6.125)
2025-09-29T09:07:18.667+02:00 ERROR 29992 --- [safetynet] [main] c.o.safetynet.repository.RootRepository  : File data.json not found, reading from the original file in resources.
2025-09-29T09:07:18.724+02:00  INFO 29992 --- [safetynet] [main] t.c.s.AnnotationConfigContextLoaderUtils : Could not detect default configuration classes for test class [com.openclassrooms.safetynet.SafetynetApplicationTests]: SafetynetApplicationTests does not declare any static, non-private, non-final, nested classes annotated with @Configuration.
2025-09-29T09:07:18.732+02:00  INFO 29992 --- [safetynet] [main] .b.t.c.SpringBootTestContextBootstrapper : Found @SpringBootConfiguration com.openclassrooms.safetynet.SafetynetApplication for test class com.openclassrooms.safetynet.SafetynetApplicationTests
